22:41:58 **** Build of configuration Debug for project Assembler ****
make -j8 all 
arm-none-eabi-gcc -mcpu=cortex-m4 -g3 -DDEBUG -c -x assembler-with-cpp -MMD -MP -MF"Startup/startup_stm32f401ccux.d" -MT"Startup/startup_stm32f401ccux.o" --specs=nano.specs -mfpu=fpv4-sp-d16 -mfloat-abi=hard -mthumb -o "Startup/startup_stm32f401ccux.o" "../Startup/startup_stm32f401ccux.s"
arm-none-eabi-gcc "../Src/main.c" -mcpu=cortex-m4 -std=gnu11 -g3 -DDEBUG -DSTM32F401CCUx -DSTM32 -DSTM32F4 -c -I../Inc -O0 -ffunction-sections -fdata-sections -Wall -fstack-usage -fcyclomatic-complexity -MMD -MP -MF"Src/main.d" -MT"Src/main.o" --specs=nano.specs -mfpu=fpv4-sp-d16 -mfloat-abi=hard -mthumb -o "Src/main.o"
arm-none-eabi-gcc "../Src/syscalls.c" -mcpu=cortex-m4 -std=gnu11 -g3 -DDEBUG -DSTM32F401CCUx -DSTM32 -DSTM32F4 -c -I../Inc -O0 -ffunction-sections -fdata-sections -Wall -fstack-usage -fcyclomatic-complexity -MMD -MP -MF"Src/syscalls.d" -MT"Src/syscalls.o" --specs=nano.specs -mfpu=fpv4-sp-d16 -mfloat-abi=hard -mthumb -o "Src/syscalls.o"
arm-none-eabi-gcc "../Src/sysmem.c" -mcpu=cortex-m4 -std=gnu11 -g3 -DDEBUG -DSTM32F401CCUx -DSTM32 -DSTM32F4 -c -I../Inc -O0 -ffunction-sections -fdata-sections -Wall -fstack-usage -fcyclomatic-complexity -MMD -MP -MF"Src/sysmem.d" -MT"Src/sysmem.o" --specs=nano.specs -mfpu=fpv4-sp-d16 -mfloat-abi=hard -mthumb -o "Src/sysmem.o"
In file included from ../Src/main.c:4:
../Src/main.c: In function 'is_register':
../Src/main.c:103:25: warning: array subscript has type 'char' [-Wchar-subscripts]
  103 |         if (!isdigit(str[i])) {
      |                      ~~~^~~
../Src/main.c: In function 'preprocess_line':
../Src/main.c:121:35: warning: array subscript has type 'char' [-Wchar-subscripts]
  121 |     while (len > 0 && isspace(line[len - 1])) {
      |                               ~~~~^~~~~~~~~
arm-none-eabi-gcc -o "Assembler.elf" @"objects.list"   -mcpu=cortex-m4 -T"D:\Personal studies\ITI embedded\workspace_2\Assembler\STM32F401CCUX_FLASH.ld" --specs=nosys.specs -Wl,-Map="Assembler.map" -Wl,--gc-sections -static --specs=nano.specs -mfpu=fpv4-sp-d16 -mfloat-abi=hard -mthumb -Wl,--start-group -lc -lm -Wl,--end-group
Finished building target: Assembler.elf
 
arm-none-eabi-size  Assembler.elf 
arm-none-eabi-objdump -h -S Assembler.elf  > "Assembler.list"
   text	   data	    bss	    dec	    hex	filename
  13068	     92	   2708	  15868	   3dfc	Assembler.elf
Finished building: default.size.stdout
 
Finished building: Assembler.list
 

22:42:00 Build Finished. 0 errors, 2 warnings. (took 2s.215ms)

