21:38:07 **** Incremental Build of configuration Debug for project USART ****
make -j8 all 
arm-none-eabi-gcc "../Src/main.c" -mcpu=cortex-m4 -std=gnu11 -g3 -DDEBUG -DSTM32F401CCUx -DSTM32 -DSTM32F4 -c -I../Inc -O0 -ffunction-sections -fdata-sections -Wall -fstack-usage -fcyclomatic-complexity -MMD -MP -MF"Src/main.d" -MT"Src/main.o" --specs=nano.specs -mfpu=fpv4-sp-d16 -mfloat-abi=hard -mthumb -o "Src/main.o"
arm-none-eabi-gcc -o "USART.elf" @"objects.list"   -mcpu=cortex-m4 -T"D:\Personal studies\ITI embedded\workspace_2\USART\STM32F401CCUX_FLASH.ld" --specs=nosys.specs -Wl,-Map="USART.map" -Wl,--gc-sections -static --specs=nano.specs -mfpu=fpv4-sp-d16 -mfloat-abi=hard -mthumb -Wl,--start-group -lc -lm -Wl,--end-group
Finished building target: USART.elf
 
arm-none-eabi-size  USART.elf 
arm-none-eabi-objdump -h -S USART.elf  > "USART.list"
   text	   data	    bss	    dec	    hex	filename
    664	      0	   1568	   2232	    8b8	USART.elf
Finished building: default.size.stdout
 
Finished building: USART.list
 

21:38:08 Build Finished. 0 errors, 0 warnings. (took 1s.257ms)

